// Jest Snapshot v1, https://goo.gl/fbAQLP

exports[`should render Header component 1`] = `
Object {
  "asFragment": [Function],
  "baseElement": <body>
    <div>
      <div
        class="row bg-secondary-subtle p-2 justify-content-between align-items-center"
      >
        <div
          class="col-4 col-md-4 col-lg-2"
        >
          <h3
            class="m-0 text-center"
          >
            Kanban Board
          </h3>
        </div>
        <div
          class="col-4 col-md"
        >
          <p
            class="bg-white rounded text-center p-1 m-0 p-md-2 p-lg-1 bg-transparent text-secondary"
          >
            Completed 
            0
             task
            s
             of 
            0
             (
            0
            %)
          </p>
        </div>
        <div
          class="col-4 col-md-2 col-lg-1"
        >
          <div
            class="d-flex justify-content-evenly"
          >
            <div
              class="dropdown-menu-header show dropdown btn-group"
              role="group"
            >
              <button
                aria-expanded="true"
                class="dropdown-toggle show btn btn-light btn-sm"
                type="button"
              >
                <i
                  class="bi bi-filter"
                />
              </button>
              <div
                aria-labelledby=""
                class="dropdown-menu show"
                x-placement="bottom-start"
              >
                <span
                  class="bg-secondary-subtle text-secondary border text-center dropdown-item-text"
                >
                  Filter by priority
                </span>
                <a
                  class="dropdown-item"
                  data-rr-ui-dropdown-item=""
                  href="#"
                  role="button"
                  tabindex="0"
                >
                  All
                   
                </a>
                <a
                  class="dropdown-item"
                  data-rr-ui-dropdown-item=""
                  href="#"
                  role="button"
                  tabindex="0"
                >
                  Low
                   
                </a>
                <a
                  class="dropdown-item"
                  data-rr-ui-dropdown-item=""
                  href="#"
                  role="button"
                  tabindex="0"
                >
                  Medium
                   
                </a>
                <a
                  class="dropdown-item"
                  data-rr-ui-dropdown-item=""
                  href="#"
                  role="button"
                  tabindex="0"
                >
                  High
                   
                </a>
                <span
                  class="bg-secondary-subtle text-secondary border text-center dropdown-item-text"
                >
                  Filter by criteria
                </span>
                <span
                  class="dropdown-item-text"
                >
                  <input
                    class="mt-2 mb-2 form-control"
                    placeholder="Search"
                    value=""
                  />
                </span>
                <span
                  class="bg-secondary-subtle text-secondary border text-center dropdown-item-text"
                >
                  Clear All Filters
                </span>
                <a
                  class="dropdown-item"
                  data-rr-ui-dropdown-item=""
                  href="#"
                  role="button"
                  tabindex="0"
                >
                  <button
                    class="bi bi-x-circle w-100 mt-1 btn btn-danger btn-sm"
                    type="button"
                  />
                </a>
              </div>
            </div>
            <div
              class="dropdown-menu-header dropdown btn-group"
              role="group"
            >
              <button
                aria-expanded="false"
                class="dropdown-toggle btn btn-light btn-sm"
                type="button"
              >
                <i
                  class="bi bi-grid-fill text-primary"
                />
              </button>
            </div>
          </div>
        </div>
      </div>
    </div>
  </body>,
  "container": <div>
    <div
      class="row bg-secondary-subtle p-2 justify-content-between align-items-center"
    >
      <div
        class="col-4 col-md-4 col-lg-2"
      >
        <h3
          class="m-0 text-center"
        >
          Kanban Board
        </h3>
      </div>
      <div
        class="col-4 col-md"
      >
        <p
          class="bg-white rounded text-center p-1 m-0 p-md-2 p-lg-1 bg-transparent text-secondary"
        >
          Completed 
          0
           task
          s
           of 
          0
           (
          0
          %)
        </p>
      </div>
      <div
        class="col-4 col-md-2 col-lg-1"
      >
        <div
          class="d-flex justify-content-evenly"
        >
          <div
            class="dropdown-menu-header show dropdown btn-group"
            role="group"
          >
            <button
              aria-expanded="true"
              class="dropdown-toggle show btn btn-light btn-sm"
              type="button"
            >
              <i
                class="bi bi-filter"
              />
            </button>
            <div
              aria-labelledby=""
              class="dropdown-menu show"
              x-placement="bottom-start"
            >
              <span
                class="bg-secondary-subtle text-secondary border text-center dropdown-item-text"
              >
                Filter by priority
              </span>
              <a
                class="dropdown-item"
                data-rr-ui-dropdown-item=""
                href="#"
                role="button"
                tabindex="0"
              >
                All
                 
              </a>
              <a
                class="dropdown-item"
                data-rr-ui-dropdown-item=""
                href="#"
                role="button"
                tabindex="0"
              >
                Low
                 
              </a>
              <a
                class="dropdown-item"
                data-rr-ui-dropdown-item=""
                href="#"
                role="button"
                tabindex="0"
              >
                Medium
                 
              </a>
              <a
                class="dropdown-item"
                data-rr-ui-dropdown-item=""
                href="#"
                role="button"
                tabindex="0"
              >
                High
                 
              </a>
              <span
                class="bg-secondary-subtle text-secondary border text-center dropdown-item-text"
              >
                Filter by criteria
              </span>
              <span
                class="dropdown-item-text"
              >
                <input
                  class="mt-2 mb-2 form-control"
                  placeholder="Search"
                  value=""
                />
              </span>
              <span
                class="bg-secondary-subtle text-secondary border text-center dropdown-item-text"
              >
                Clear All Filters
              </span>
              <a
                class="dropdown-item"
                data-rr-ui-dropdown-item=""
                href="#"
                role="button"
                tabindex="0"
              >
                <button
                  class="bi bi-x-circle w-100 mt-1 btn btn-danger btn-sm"
                  type="button"
                />
              </a>
            </div>
          </div>
          <div
            class="dropdown-menu-header dropdown btn-group"
            role="group"
          >
            <button
              aria-expanded="false"
              class="dropdown-toggle btn btn-light btn-sm"
              type="button"
            >
              <i
                class="bi bi-grid-fill text-primary"
              />
            </button>
          </div>
        </div>
      </div>
    </div>
  </div>,
  "debug": [Function],
  "findAllByAltText": [Function],
  "findAllByDisplayValue": [Function],
  "findAllByLabelText": [Function],
  "findAllByPlaceholderText": [Function],
  "findAllByRole": [Function],
  "findAllByTestId": [Function],
  "findAllByText": [Function],
  "findAllByTitle": [Function],
  "findByAltText": [Function],
  "findByDisplayValue": [Function],
  "findByLabelText": [Function],
  "findByPlaceholderText": [Function],
  "findByRole": [Function],
  "findByTestId": [Function],
  "findByText": [Function],
  "findByTitle": [Function],
  "getAllByAltText": [Function],
  "getAllByDisplayValue": [Function],
  "getAllByLabelText": [Function],
  "getAllByPlaceholderText": [Function],
  "getAllByRole": [Function],
  "getAllByTestId": [Function],
  "getAllByText": [Function],
  "getAllByTitle": [Function],
  "getByAltText": [Function],
  "getByDisplayValue": [Function],
  "getByLabelText": [Function],
  "getByPlaceholderText": [Function],
  "getByRole": [Function],
  "getByTestId": [Function],
  "getByText": [Function],
  "getByTitle": [Function],
  "queryAllByAltText": [Function],
  "queryAllByDisplayValue": [Function],
  "queryAllByLabelText": [Function],
  "queryAllByPlaceholderText": [Function],
  "queryAllByRole": [Function],
  "queryAllByTestId": [Function],
  "queryAllByText": [Function],
  "queryAllByTitle": [Function],
  "queryByAltText": [Function],
  "queryByDisplayValue": [Function],
  "queryByLabelText": [Function],
  "queryByPlaceholderText": [Function],
  "queryByRole": [Function],
  "queryByTestId": [Function],
  "queryByText": [Function],
  "queryByTitle": [Function],
  "rerender": [Function],
  "unmount": [Function],
}
`;
