// Jest Snapshot v1, https://goo.gl/fbAQLP

exports[`should render Column component 1`] = `
Object {
  "asFragment": [Function],
  "baseElement": <body>
    <div>
      <div
        class="col-md-5 col-lg-3 bg-secondary-subtle rounded shadow p-4 overflow-auto kanban-column"
        style="border-style: none;"
      >
        <div
          class="row"
        >
          <div
            class="col-9"
          >
            <h3>
              Column Title
            </h3>
          </div>
          <div
            class="col-3"
          >
            <div
              class="dropdown"
            >
              <button
                aria-expanded="false"
                class="bi bi-three-dots-vertical dropdown-toggle btn btn-success"
                id="react-aria-:r0:"
                type="button"
              />
            </div>
          </div>
        </div>
        <p
          class="text-secondary"
        >
          Column Description
        </p>
        <div
          class="row bg-white mt-3 rounded shadow p-1"
        >
          <div
            class="col-9"
          >
            <p
              class="fw-bold"
            >
              Task 1
            </p>
          </div>
          <div
            class="col-3"
          >
            <i
              aria-describedby=""
              aria-disabled="false"
              aria-roledescription="draggable"
              class="bi bi-grip-horizontal fs-2"
              role="button"
              tabindex="0"
            />
          </div>
          <p
            class="text-secondary"
          >
            Description 1
          </p>
          <button
            class="bi bi-trash fs-5 btn btn-danger btn-sm"
            type="button"
          />
        </div>
        <div
          class="row bg-white mt-3 rounded shadow p-1"
        >
          <div
            class="col-9"
          >
            <p
              class="fw-bold"
            >
              Task 2
            </p>
          </div>
          <div
            class="col-3"
          >
            <i
              aria-describedby=""
              aria-disabled="false"
              aria-roledescription="draggable"
              class="bi bi-grip-horizontal fs-2"
              role="button"
              tabindex="0"
            />
          </div>
          <p
            class="text-secondary"
          >
            Description 2
          </p>
          <button
            class="bi bi-trash fs-5 btn btn-danger btn-sm"
            type="button"
          />
        </div>
      </div>
    </div>
  </body>,
  "container": <div>
    <div
      class="col-md-5 col-lg-3 bg-secondary-subtle rounded shadow p-4 overflow-auto kanban-column"
      style="border-style: none;"
    >
      <div
        class="row"
      >
        <div
          class="col-9"
        >
          <h3>
            Column Title
          </h3>
        </div>
        <div
          class="col-3"
        >
          <div
            class="dropdown"
          >
            <button
              aria-expanded="false"
              class="bi bi-three-dots-vertical dropdown-toggle btn btn-success"
              id="react-aria-:r0:"
              type="button"
            />
          </div>
        </div>
      </div>
      <p
        class="text-secondary"
      >
        Column Description
      </p>
      <div
        class="row bg-white mt-3 rounded shadow p-1"
      >
        <div
          class="col-9"
        >
          <p
            class="fw-bold"
          >
            Task 1
          </p>
        </div>
        <div
          class="col-3"
        >
          <i
            aria-describedby=""
            aria-disabled="false"
            aria-roledescription="draggable"
            class="bi bi-grip-horizontal fs-2"
            role="button"
            tabindex="0"
          />
        </div>
        <p
          class="text-secondary"
        >
          Description 1
        </p>
        <button
          class="bi bi-trash fs-5 btn btn-danger btn-sm"
          type="button"
        />
      </div>
      <div
        class="row bg-white mt-3 rounded shadow p-1"
      >
        <div
          class="col-9"
        >
          <p
            class="fw-bold"
          >
            Task 2
          </p>
        </div>
        <div
          class="col-3"
        >
          <i
            aria-describedby=""
            aria-disabled="false"
            aria-roledescription="draggable"
            class="bi bi-grip-horizontal fs-2"
            role="button"
            tabindex="0"
          />
        </div>
        <p
          class="text-secondary"
        >
          Description 2
        </p>
        <button
          class="bi bi-trash fs-5 btn btn-danger btn-sm"
          type="button"
        />
      </div>
    </div>
  </div>,
  "debug": [Function],
  "findAllByAltText": [Function],
  "findAllByDisplayValue": [Function],
  "findAllByLabelText": [Function],
  "findAllByPlaceholderText": [Function],
  "findAllByRole": [Function],
  "findAllByTestId": [Function],
  "findAllByText": [Function],
  "findAllByTitle": [Function],
  "findByAltText": [Function],
  "findByDisplayValue": [Function],
  "findByLabelText": [Function],
  "findByPlaceholderText": [Function],
  "findByRole": [Function],
  "findByTestId": [Function],
  "findByText": [Function],
  "findByTitle": [Function],
  "getAllByAltText": [Function],
  "getAllByDisplayValue": [Function],
  "getAllByLabelText": [Function],
  "getAllByPlaceholderText": [Function],
  "getAllByRole": [Function],
  "getAllByTestId": [Function],
  "getAllByText": [Function],
  "getAllByTitle": [Function],
  "getByAltText": [Function],
  "getByDisplayValue": [Function],
  "getByLabelText": [Function],
  "getByPlaceholderText": [Function],
  "getByRole": [Function],
  "getByTestId": [Function],
  "getByText": [Function],
  "getByTitle": [Function],
  "queryAllByAltText": [Function],
  "queryAllByDisplayValue": [Function],
  "queryAllByLabelText": [Function],
  "queryAllByPlaceholderText": [Function],
  "queryAllByRole": [Function],
  "queryAllByTestId": [Function],
  "queryAllByText": [Function],
  "queryAllByTitle": [Function],
  "queryByAltText": [Function],
  "queryByDisplayValue": [Function],
  "queryByLabelText": [Function],
  "queryByPlaceholderText": [Function],
  "queryByRole": [Function],
  "queryByTestId": [Function],
  "queryByText": [Function],
  "queryByTitle": [Function],
  "rerender": [Function],
  "unmount": [Function],
}
`;
