// Jest Snapshot v1, https://goo.gl/fbAQLP

exports[`should render Column/Menu component 1`] = `
Object {
  "asFragment": [Function],
  "baseElement": <body>
    <div>
      <div
        class="show dropdown btn-group"
        role="group"
      >
        <button
          aria-expanded="true"
          class="dropdown-toggle show btn btn-light btn-sm"
          type="button"
        >
          <i
            class="bi bi-three-dots-vertical"
          />
        </button>
        <div
          aria-labelledby=""
          class="dropdown-menu show"
          x-placement="bottom-start"
        >
          <a
            class="dropdown-item"
            data-rr-ui-dropdown-item=""
            href="#"
            role="button"
            tabindex="0"
          >
            <i
              class="bi bi-plus-circle-fill text-primary mx-1"
            />
            Add Task
          </a>
          <a
            class="dropdown-item"
            data-rr-ui-dropdown-item=""
            href="#"
            role="button"
            tabindex="0"
          >
            <i
              class="bi bi-check-square-fill text-success mx-1"
            />
            Mark as Done
          </a>
          <a
            class="dropdown-item"
            data-rr-ui-dropdown-item=""
            href="#"
            role="button"
            tabindex="0"
          >
            <i
              class="bi bi-x-circle-fill text-danger mx-1"
            />
            Delete Column
          </a>
          <a
            class="dropdown-item"
            data-rr-ui-dropdown-item=""
            href="#"
            role="button"
            tabindex="0"
          >
            <i
              class="bi bi-x-circle-fill text-danger mx-1"
            />
            Delete All Tasks
          </a>
          <a
            class="dropdown-item"
            data-rr-ui-dropdown-item=""
            href="#"
            role="button"
            tabindex="0"
          >
            <i
              class="bi bi-exclamation-circle-fill text-warning mx-1"
            />
            Set Task Limit
          </a>
          <a
            class="dropdown-item"
            data-rr-ui-dropdown-item=""
            href="#"
            role="button"
            tabindex="0"
          >
            <i
              class="bi bi-star-fill text-warning mx-1"
            />
            Auto Assign Users
          </a>
        </div>
      </div>
    </div>
  </body>,
  "container": <div>
    <div
      class="show dropdown btn-group"
      role="group"
    >
      <button
        aria-expanded="true"
        class="dropdown-toggle show btn btn-light btn-sm"
        type="button"
      >
        <i
          class="bi bi-three-dots-vertical"
        />
      </button>
      <div
        aria-labelledby=""
        class="dropdown-menu show"
        x-placement="bottom-start"
      >
        <a
          class="dropdown-item"
          data-rr-ui-dropdown-item=""
          href="#"
          role="button"
          tabindex="0"
        >
          <i
            class="bi bi-plus-circle-fill text-primary mx-1"
          />
          Add Task
        </a>
        <a
          class="dropdown-item"
          data-rr-ui-dropdown-item=""
          href="#"
          role="button"
          tabindex="0"
        >
          <i
            class="bi bi-check-square-fill text-success mx-1"
          />
          Mark as Done
        </a>
        <a
          class="dropdown-item"
          data-rr-ui-dropdown-item=""
          href="#"
          role="button"
          tabindex="0"
        >
          <i
            class="bi bi-x-circle-fill text-danger mx-1"
          />
          Delete Column
        </a>
        <a
          class="dropdown-item"
          data-rr-ui-dropdown-item=""
          href="#"
          role="button"
          tabindex="0"
        >
          <i
            class="bi bi-x-circle-fill text-danger mx-1"
          />
          Delete All Tasks
        </a>
        <a
          class="dropdown-item"
          data-rr-ui-dropdown-item=""
          href="#"
          role="button"
          tabindex="0"
        >
          <i
            class="bi bi-exclamation-circle-fill text-warning mx-1"
          />
          Set Task Limit
        </a>
        <a
          class="dropdown-item"
          data-rr-ui-dropdown-item=""
          href="#"
          role="button"
          tabindex="0"
        >
          <i
            class="bi bi-star-fill text-warning mx-1"
          />
          Auto Assign Users
        </a>
      </div>
    </div>
  </div>,
  "debug": [Function],
  "findAllByAltText": [Function],
  "findAllByDisplayValue": [Function],
  "findAllByLabelText": [Function],
  "findAllByPlaceholderText": [Function],
  "findAllByRole": [Function],
  "findAllByTestId": [Function],
  "findAllByText": [Function],
  "findAllByTitle": [Function],
  "findByAltText": [Function],
  "findByDisplayValue": [Function],
  "findByLabelText": [Function],
  "findByPlaceholderText": [Function],
  "findByRole": [Function],
  "findByTestId": [Function],
  "findByText": [Function],
  "findByTitle": [Function],
  "getAllByAltText": [Function],
  "getAllByDisplayValue": [Function],
  "getAllByLabelText": [Function],
  "getAllByPlaceholderText": [Function],
  "getAllByRole": [Function],
  "getAllByTestId": [Function],
  "getAllByText": [Function],
  "getAllByTitle": [Function],
  "getByAltText": [Function],
  "getByDisplayValue": [Function],
  "getByLabelText": [Function],
  "getByPlaceholderText": [Function],
  "getByRole": [Function],
  "getByTestId": [Function],
  "getByText": [Function],
  "getByTitle": [Function],
  "queryAllByAltText": [Function],
  "queryAllByDisplayValue": [Function],
  "queryAllByLabelText": [Function],
  "queryAllByPlaceholderText": [Function],
  "queryAllByRole": [Function],
  "queryAllByTestId": [Function],
  "queryAllByText": [Function],
  "queryAllByTitle": [Function],
  "queryByAltText": [Function],
  "queryByDisplayValue": [Function],
  "queryByLabelText": [Function],
  "queryByPlaceholderText": [Function],
  "queryByRole": [Function],
  "queryByTestId": [Function],
  "queryByText": [Function],
  "queryByTitle": [Function],
  "rerender": [Function],
  "unmount": [Function],
}
`;
